// Vitest Snapshot v1, https://vitest.dev/guide/snapshot.html

exports[`MensPage component > Snapshot testing 1`] = `
<div>
  <div>
    <h2
      class="text-center text-xl font-bold p-4"
    >
      Men's Clothing
    </h2>
    <div
      class="grid gap-8 justify-items-center grid-cols-1 sm:grid-cols-2 md:grid-cols-3 lg:grid-cols-4 xl:grid-cols-5 p-4"
    >
      <div
        class="flex flex-col min-w-60 w-60 gap-2 border border-gray-300 p-2 rounded-2xl"
      >
        <a
          href="/product/1"
        >
          <img
            alt="Shirt"
            class="object-contain w-full min-h-64 h-64 p-4"
            src="shirt.jpg"
          />
        </a>
        <a
          class="hover:text-[#fb923c]"
          href="/product/1"
        >
          Shirt
        </a>
        <div
          class="font-bold text-lg"
        >
          $
          20
        </div>
        <button
          class="self-start bg-amber-300 p-2 rounded-xl text-sm"
        >
          Add to cart
        </button>
      </div>
      <div
        class="flex flex-col min-w-60 w-60 gap-2 border border-gray-300 p-2 rounded-2xl"
      >
        <a
          href="/product/2"
        >
          <img
            alt="Pants"
            class="object-contain w-full min-h-64 h-64 p-4"
            src="pants.jpg"
          />
        </a>
        <a
          class="hover:text-[#fb923c]"
          href="/product/2"
        >
          Pants
        </a>
        <div
          class="font-bold text-lg"
        >
          $
          40
        </div>
        <button
          class="self-start bg-amber-300 p-2 rounded-xl text-sm"
        >
          Add to cart
        </button>
      </div>
    </div>
  </div>
</div>
`;
